// Jest Snapshot v1, https://goo.gl/fbAQLP

exports[`SignupForm renders correctly 1`] = `
<div>
  <form
    class="container-lg signup-form"
  >
    <h1>
      Sign Up
    </h1>
    <div
      class="mb-3"
    >
      <label
        class="form-label"
        for="formBasicUsername"
      >
        Username
      </label>
      <input
        class="form-control"
        id="formBasicUsername"
        placeholder="Enter username"
        type="text"
      />
    </div>
    <div
      class="mb-3"
    >
      <label
        class="form-label"
        for="formBasicPassword"
      >
        Password
      </label>
      <input
        class="form-control"
        id="formBasicPassword"
        placeholder="Enter password"
        type="password"
      />
    </div>
    <button
      class="btn btn-primary"
      type="submit"
    >
      Register Account
    </button>
  </form>
</div>
`;
